\BOOKMARK [0][-]{chapter.1}{\376\377\000W\000s\000t\001\031\000p}{}% 1
\BOOKMARK [1][-]{section.1.1}{\376\377\000W\000p\000r\000o\000w\000a\000d\000z\000e\000n\000i\000e\000\040\000w\000\040\000p\000r\000o\000b\000l\000e\000m}{chapter.1}% 2
\BOOKMARK [1][-]{section.1.2}{\376\377\000O\000s\000a\000d\000z\000e\000n\000i\000e\000\040\000p\000r\000o\000b\000l\000e\000m\000u\000\040\000w\000\040\000d\000z\000i\000e\000d\000z\000i\000n\000i\000e}{chapter.1}% 3
\BOOKMARK [1][-]{section.1.3}{\376\377\000C\000e\000l\000\040\000p\000r\000a\000c\000y}{chapter.1}% 4
\BOOKMARK [1][-]{section.1.4}{\376\377\000Z\000a\000k\000r\000e\000s\000\040\000p\000r\000a\000c\000y}{chapter.1}% 5
\BOOKMARK [1][-]{section.1.5}{\376\377\000Z\000w\000i\001\031\000z\001\102\000a\000\040\000c\000h\000a\000r\000a\000k\000t\000e\000r\000y\000s\000t\000y\000k\000a\000\040\000r\000o\000z\000d\000z\000i\000a\001\102\000\363\000w}{chapter.1}% 6
\BOOKMARK [1][-]{section.1.6}{\376\377\000W\000k\001\102\000a\000d\000\040\000a\000u\000t\000o\000r\000a}{chapter.1}% 7
\BOOKMARK [0][-]{chapter.2}{\376\377\000A\000n\000a\000l\000i\000z\000a\000\040\000p\000r\000o\000b\000l\000e\000m\000u\000\040\000o\000r\000a\000z\000\040\000p\000r\000z\000e\000g\000l\001\005\000d\000\040\000d\000o\000s\000t\001\031\000p\000n\000y\000c\000h\000\040\000r\000o\000z\000w\000i\001\005\000z\000a\001\104}{}% 8
\BOOKMARK [1][-]{section.2.1}{\376\377\000S\000f\000o\000r\000m\000u\001\102\000o\000w\000a\000n\000i\000e\000\040\000p\000r\000o\000b\000l\000e\000m\000u}{chapter.2}% 9
\BOOKMARK [2][-]{subsection.2.1.1}{\376\377\000I\000s\000t\000o\000t\000a\000\040\000k\000o\000m\000p\000a\000t\000y\000b\000i\000l\000n\000o\001\133\000c\000i}{section.2.1}% 10
\BOOKMARK [2][-]{subsection.2.1.2}{\376\377\000N\000i\000s\000k\000a\000\040\000d\000o\000s\000t\001\031\000p\000n\000o\001\133\001\007\000\040\000n\000a\000r\000z\001\031\000d\000z\000i\000\040\000d\000o\000\040\000w\000e\000r\000y\000f\000i\000k\000a\000c\000j\000i\000\040\000k\000o\000m\000p\000a\000t\000y\000b\000i\000l\000n\000o\001\133\000c\000i}{section.2.1}% 11
\BOOKMARK [1][-]{section.2.2}{\376\377\000A\000n\000a\000l\000i\000z\000a\000\040\000i\000s\000t\000n\000i\000e\000j\001\005\000c\000y\000c\000h\000\040\000r\000o\000z\000w\000i\001\005\000z\000a\001\104\000\040\000w\000\040\000n\000a\000j\000p\000o\000p\000u\000l\000a\000r\000n\000i\000e\000j\000s\000z\000y\000c\000h\000\040\000s\000k\000l\000e\000p\000a\000c\000h\000\040\000n\000a\000\040\000p\000o\000l\000s\000k\000i\000m\000\040\000r\000y\000n\000k\000u}{chapter.2}% 12
\BOOKMARK [2][-]{subsection.2.2.1}{\376\377\000M\000o\000r\000e\000l\000e\000.\000n\000e\000t}{section.2.2}% 13
\BOOKMARK [2][-]{subsection.2.2.2}{\376\377\000X\000-\000k\000o\000m\000.\000p\000l}{section.2.2}% 14
\BOOKMARK [1][-]{section.2.3}{\376\377\000P\000o\000r\000\363\000w\000n\000a\000n\000i\000e\000\040\000i\000s\000t\000n\000i\000e\000j\001\005\000c\000y\000c\000h\000\040\000r\000o\000z\000w\000i\001\005\000z\000a\001\104\000\040\000z\000\040\000r\000o\000z\000w\000i\001\005\000z\000a\000n\000i\000e\000m\000\040\000i\000n\001\174\000y\000n\000i\000e\000r\000k\000i\000m\000\040\000a\000u\000t\000o\000r\000a}{chapter.2}% 15
\BOOKMARK [0][-]{chapter.3}{\376\377\000W\000y\000m\000a\000g\000a\000n\000i\000a\000\040\000i\000\040\000n\000a\000r\000z\001\031\000d\000z\000i\000a}{}% 16
\BOOKMARK [1][-]{section.3.1}{\376\377\000W\000y\000m\000a\000g\000a\000n\000i\000a\000\040\000f\000u\000n\000k\000c\000j\000o\000n\000a\000l\000n\000e}{chapter.3}% 17
\BOOKMARK [1][-]{section.3.2}{\376\377\000W\000y\000m\000a\000g\000a\000n\000i\000a\000\040\000n\000i\000e\000f\000u\000n\000k\000c\000j\000o\000n\000a\000l\000n\000e}{chapter.3}% 18
\BOOKMARK [1][-]{section.3.3}{\376\377\000P\000r\000z\000y\000p\000a\000d\000k\000i\000\040\000u\001\174\000y\000c\000i\000a}{chapter.3}% 19
\BOOKMARK [1][-]{section.3.4}{\376\377\000N\000a\000r\000z\001\031\000d\000z\000i\000a\000\040\000i\000\040\000t\000e\000c\000h\000n\000o\000l\000o\000g\000i\000e}{chapter.3}% 20
\BOOKMARK [2][-]{subsection.3.4.1}{\376\377\000B\000a\000c\000k\000e\000n\000d}{section.3.4}% 21
\BOOKMARK [2][-]{subsection.3.4.2}{\376\377\000F\000r\000o\000n\000t\000e\000n\000d}{section.3.4}% 22
\BOOKMARK [2][-]{subsection.3.4.3}{\376\377\000M\000o\000d\000e\000l\000o\000w\000a\000n\000i\000e\000\040\000i\000\040\000n\000a\000r\000z\001\031\000d\000z\000i\000a\000\040\000w\000s\000p\000o\000m\000a\000g\000a\000j\001\005\000c\000e}{section.3.4}% 23
\BOOKMARK [1][-]{section.3.5}{\376\377\000M\000e\000t\000o\000d\000y\000k\000a\000\040\000p\000r\000a\000c\000y}{chapter.3}% 24
\BOOKMARK [0][-]{chapter.4}{\376\377\000S\000p\000e\000c\000y\000f\000i\000k\000a\000c\000j\000a\000\040\000w\000e\000w\000n\001\031\000t\000r\000z\000n\000a}{}% 25
\BOOKMARK [1][-]{section.4.1}{\376\377\000P\000r\000z\000e\000d\000s\000t\000a\000w\000i\000e\000n\000i\000e\000\040\000i\000d\000e\000i\000\040\000s\000y\000s\000t\000e\000m\000u}{chapter.4}% 26
\BOOKMARK [1][-]{section.4.2}{\376\377\000A\000r\000c\000h\000i\000t\000e\000k\000t\000u\000r\000a\000\040\000s\000y\000s\000t\000e\000m\000u}{chapter.4}% 27
\BOOKMARK [2][-]{subsection.4.2.1}{\376\377\000W\000a\000r\000s\000t\000w\000a\000\040\000f\000r\000o\000n\000t\000e\000n\000d\000o\000w\000a}{section.4.2}% 28
\BOOKMARK [2][-]{subsection.4.2.2}{\376\377\000W\000a\000r\000s\000t\000w\000a\000\040\000b\000a\000c\000k\000e\000n\000d\000o\000w\000a}{section.4.2}% 29
\BOOKMARK [2][-]{subsection.4.2.3}{\376\377\000W\000a\000r\000s\000t\000w\000a\000\040\000d\000a\000n\000y\000c\000h\000\040\000i\000\040\000i\000n\000f\000r\000a\000s\000t\000r\000u\000k\000t\000u\000r\000y}{section.4.2}% 30
\BOOKMARK [1][-]{section.4.3}{\376\377\000O\000p\000i\000s\000\040\000s\000t\000r\000u\000k\000t\000u\000r\000\040\000d\000a\000n\000y\000c\000h}{chapter.4}% 31
\BOOKMARK [2][-]{subsection.4.3.1}{\376\377\000M\000o\000d\000e\000l\000\040\000d\000a\000n\000y\000c\000h\000\040\000-\000\040\000E\000R\000D}{section.4.3}% 32
\BOOKMARK [2][-]{subsection.4.3.2}{\376\377\000O\000p\000i\000s\000\040\000n\000a\000j\000w\000a\001\174\000n\000i\000e\000j\000s\000z\000y\000c\000h\000\040\000e\000n\000c\000j\000i}{section.4.3}% 33
\BOOKMARK [1][-]{section.4.4}{\376\377\000K\000o\000m\000p\000o\000n\000e\000n\000t\000y\000\040\000i\000\040\000m\000o\000d\000u\001\102\000y\000\040\000s\000y\000s\000t\000e\000m\000u}{chapter.4}% 34
\BOOKMARK [2][-]{subsection.4.4.1}{\376\377\000M\000o\000d\000u\001\102\000\040\000k\000o\000m\000p\000a\000t\000y\000b\000i\000l\000n\000o\001\133\000c\000i\000\040\000p\000o\000d\000z\000e\000s\000p\000o\001\102\000\363\000w}{section.4.4}% 35
\BOOKMARK [2][-]{subsection.4.4.2}{\376\377\000M\000o\000d\000u\001\102\000\040\000l\000o\000g\000i\000k\000i\000\040\000r\000o\000z\000m\000y\000t\000e\000j}{section.4.4}% 36
\BOOKMARK [2][-]{subsection.4.4.3}{\376\377\000M\000o\000d\000u\001\102\000\040\000z\000a\000r\000z\001\005\000d\000z\000a\000n\000i\000a\000\040\000k\000o\000s\000z\000y\000k\000i\000e\000m\000\040\000i\000\040\000z\000a\000m\000\363\000w\000i\000e\000n\000i\000a\000m\000i}{section.4.4}% 37
\BOOKMARK [1][-]{section.4.5}{\376\377\000N\000a\000j\000w\000a\001\174\000n\000i\000e\000j\000s\000z\000e\000\040\000a\000l\000g\000o\000r\000y\000t\000m\000y}{chapter.4}% 38
\BOOKMARK [1][-]{section.4.6}{\376\377\000D\000i\000a\000g\000r\000a\000m\000y\000\040\000U\000M\000L}{chapter.4}% 39
\BOOKMARK [1][-]{section.4.7}{\376\377\000S\000z\000c\000z\000e\000g\000\363\001\102\000y\000\040\000i\000m\000p\000l\000e\000m\000e\000n\000t\000a\000c\000j\000i\000\040\000w\000y\000b\000r\000a\000n\000y\000c\000h\000\040\000e\000l\000e\000m\000e\000n\000t\000\363\000w}{chapter.4}% 40
\BOOKMARK [0][-]{chapter.5}{\376\377\000W\000e\000r\000y\000f\000i\000k\000a\000c\000j\000a\000\040\000i\000\040\000w\000a\000l\000i\000d\000a\000c\000j\000a}{}% 41
\BOOKMARK [1][-]{section.5.1}{\376\377\000C\000e\000l\000\040\000w\000e\000r\000y\000f\000i\000k\000a\000c\000j\000i\000\040\000s\000y\000s\000t\000e\000m\000u}{chapter.5}% 42
\BOOKMARK [1][-]{section.5.2}{\376\377\000M\000e\000t\000o\000d\000y\000\040\000t\000e\000s\000t\000o\000w\000a\000n\000i\000a}{chapter.5}% 43
\BOOKMARK [1][-]{section.5.3}{\376\377\000O\000r\000g\000a\000n\000i\000z\000a\000c\000j\000a\000\040\000e\000k\000s\000p\000e\000r\000y\000m\000e\000n\000t\000\363\000w}{chapter.5}% 44
\BOOKMARK [1][-]{section.5.4}{\376\377\000P\000r\000z\000y\000p\000a\000d\000k\000i\000\040\000t\000e\000s\000t\000o\000w\000e}{chapter.5}% 45
\BOOKMARK [1][-]{section.5.5}{\376\377\000W\000y\000n\000i\000k\000i\000\040\000t\000e\000s\000t\000\363\000w}{chapter.5}% 46
\BOOKMARK [1][-]{section.5.6}{\376\377\000W\000y\000k\000r\000y\000t\000e\000\040\000i\000\040\000u\000s\000u\000n\000i\001\031\000t\000e\000\040\000b\001\102\001\031\000d\000y}{chapter.5}% 47
\BOOKMARK [1][-]{section.5.7}{\376\377\000O\000c\000e\000n\000a\000\040\000p\000o\000p\000r\000a\000w\000n\000o\001\133\000c\000i\000\040\000d\000z\000i\000a\001\102\000a\000n\000i\000a\000\040\000s\000y\000s\000t\000e\000m\000u}{chapter.5}% 48
\BOOKMARK [0][-]{chapter.6}{\376\377\000P\000o\000d\000s\000u\000m\000o\000w\000a\000n\000i\000e\000\040\000i\000\040\000w\000n\000i\000o\000s\000k\000i}{}% 49
\BOOKMARK [1][-]{section.6.1}{\376\377\000R\000e\000a\000l\000i\000z\000a\000c\000j\000a\000\040\000c\000e\000l\000\363\000w\000\040\000p\000r\000a\000c\000y}{chapter.6}% 50
\BOOKMARK [1][-]{section.6.2}{\376\377\000O\000c\000e\000n\000a\000\040\000o\000t\000r\000z\000y\000m\000a\000n\000y\000c\000h\000\040\000r\000e\000z\000u\000l\000t\000a\000t\000\363\000w}{chapter.6}% 51
\BOOKMARK [1][-]{section.6.3}{\376\377\000T\000r\000u\000d\000n\000o\001\133\000c\000i\000\040\000n\000a\000p\000o\000t\000k\000a\000n\000e\000\040\000p\000o\000d\000c\000z\000a\000s\000\040\000r\000e\000a\000l\000i\000z\000a\000c\000j\000i}{chapter.6}% 52
\BOOKMARK [1][-]{section.6.4}{\376\377\000M\000o\001\174\000l\000i\000w\000e\000\040\000k\000i\000e\000r\000u\000n\000k\000i\000\040\000d\000a\000l\000s\000z\000e\000g\000o\000\040\000r\000o\000z\000w\000o\000j\000u}{chapter.6}% 53
\BOOKMARK [1][-]{section.6.5}{\376\377\000W\000n\000i\000o\000s\000k\000i\000\040\000k\000o\001\104\000c\000o\000w\000e}{chapter.6}% 54
\BOOKMARK [0][-]{section*.10}{\376\377\000B\000i\000b\000l\000i\000o\000g\000r\000a\000f\000i\000a}{}% 55
\BOOKMARK [0][-]{appendix*.12}{\376\377\000S\000p\000i\000s\000\040\000s\000k\000r\000\363\000t\000\363\000w\000\040\000i\000\040\000s\000y\000m\000b\000o\000l\000i}{}% 56
\BOOKMARK [0][-]{appendix*.13}{\376\377\001\171\000r\000\363\000d\001\102\000a}{}% 57
\BOOKMARK [0][-]{appendix*.14}{\376\377\000L\000i\000s\000t\000a\000\040\000d\000o\000d\000a\000t\000k\000o\000w\000y\000c\000h\000\040\000p\000l\000i\000k\000\363\000w\000,\000\040\000u\000z\000u\000p\000e\001\102\000n\000i\000a\000j\001\005\000c\000y\000c\000h\000\040\000t\000e\000k\000s\000t\000\040\000p\000r\000a\000c\000y}{}% 58
\BOOKMARK [0][-]{appendix*.15}{\376\377\000S\000p\000i\000s\000\040\000r\000y\000s\000u\000n\000k\000\363\000w}{}% 59
\BOOKMARK [0][-]{appendix*.16}{\376\377\000S\000p\000i\000s\000\040\000t\000a\000b\000e\000l}{}% 60
